<html>
<body>
<pre>
<h1>µVision Build Log</h1>
<h2>Project:</h2>
C:\Keil\Labware\Lab6_BranchingFunctionsDelays\Lab6.uvproj
Project File Date:  12/28/2014

<h2>Output:</h2>
Build target 'Lab6'
compiling BranchingFunctionsDelays.c...
linking...
Program Size: Code=3712 RO-data=5996 RW-data=60 ZI-data=1756  
".\Lab6.axf" - 0 Error(s), 0 Warning(s).
Load "C:\\Keil\\Labware\\Lab6_BranchingFunctionsDelays\\Lab6.axf" 
Connecting: Mode=JTAG, Speed=1000000Hz
Erase Done.
Programming Done.
Verify OK.
</pre>
</body>
</html>
C:\\Keil\\Labware\\Lab6_BranchingFunctionsDelays\\Lab6.axf" 
Connecting: Mode=JTAG, Speed=1000000Hz
Erase Done.
Programming Done.
Verify OK.
ed long SW1;      //Variables to store PF4 input value
BranchingFunctionsDelays.c: 2 warnings, 1 error
".\Lab6.axf" - 1 Error(s), 2 Warning(s).
Target not created
